-- Automatically generated by SQLQueryTestSuite
-- Number of queries: 23


-- !query 0
create temporary view int4_tbl as select * from values
  (0),
  (123456),
  (-123456),
  (2147483647),
  (-2147483647)
  as int4_tbl(f1)
-- !query 0 schema
struct<>
-- !query 0 output



-- !query 1
SELECT
  (NULL AND NULL) IS NULL AS `t`,
  (TRUE AND NULL) IS NULL AS `t`,
  (FALSE AND NULL) IS NULL AS `t`,
  (NULL AND TRUE) IS NULL AS `t`,
  (NULL AND FALSE) IS NULL AS `t`,
  (TRUE AND TRUE) AS `t`,
  NOT (TRUE AND FALSE) AS `t`,
  NOT (FALSE AND TRUE) AS `t`,
  NOT (FALSE AND FALSE) AS `t`
-- !query 1 schema
struct<t:boolean,t:boolean,t:boolean,t:boolean,t:boolean,t:boolean,t:boolean,t:boolean,t:boolean>
-- !query 1 output
true	true	false	true	false	true	true	true	true


-- !query 2
SELECT
  (NULL OR NULL) IS NULL AS `t`,
  (TRUE OR NULL) IS NULL AS `t`,
  (FALSE OR NULL) IS NULL AS `t`,
  (NULL OR TRUE) IS NULL AS `t`,
  (NULL OR FALSE) IS NULL AS `t`,
  (TRUE OR TRUE) AS `t`,
  (TRUE OR FALSE) AS `t`,
  (FALSE OR TRUE) AS `t`,
  NOT (FALSE OR FALSE) AS `t`
-- !query 2 schema
struct<t:boolean,t:boolean,t:boolean,t:boolean,t:boolean,t:boolean,t:boolean,t:boolean,t:boolean>
-- !query 2 output
true	false	true	false	true	true	true	true	true


-- !query 3
CREATE TABLE bool_test(
  b1 BOOLEAN,
  b2 BOOLEAN,
  b3 BOOLEAN,
  b4 BOOLEAN) USING parquet
-- !query 3 schema
struct<>
-- !query 3 output



-- !query 4
SELECT
  BOOL_AND(b1)   AS `n`,
  BOOL_OR(b3)    AS `n`
FROM bool_test
-- !query 4 schema
struct<n:boolean,n:boolean>
-- !query 4 output
NULL	NULL


-- !query 5
INSERT INTO bool_test VALUES
  (TRUE, null, FALSE, null),
  (FALSE, TRUE, null, null),
  (null, TRUE, FALSE, null)
-- !query 5 schema
struct<>
-- !query 5 output



-- !query 6
SELECT
  BOOL_AND(b1)     AS `f`,
  BOOL_AND(b2)     AS `t`,
  BOOL_AND(b3)     AS `f`,
  BOOL_AND(b4)     AS `n`,
  BOOL_AND(NOT b2) AS `f`,
  BOOL_AND(NOT b3) AS `t`
FROM bool_test
-- !query 6 schema
struct<f:boolean,t:boolean,f:boolean,n:boolean,f:boolean,t:boolean>
-- !query 6 output
false	true	false	NULL	false	true


-- !query 7
SELECT
  EVERY(b1)     AS `f`,
  EVERY(b2)     AS `t`,
  EVERY(b3)     AS `f`,
  EVERY(b4)     AS `n`,
  EVERY(NOT b2) AS `f`,
  EVERY(NOT b3) AS `t`
FROM bool_test
-- !query 7 schema
struct<f:boolean,t:boolean,f:boolean,n:boolean,f:boolean,t:boolean>
-- !query 7 output
false	true	false	NULL	false	true


-- !query 8
SELECT
  BOOL_OR(b1)      AS `t`,
  BOOL_OR(b2)      AS `t`,
  BOOL_OR(b3)      AS `f`,
  BOOL_OR(b4)      AS `n`,
  BOOL_OR(NOT b2)  AS `f`,
  BOOL_OR(NOT b3)  AS `t`
FROM bool_test
-- !query 8 schema
struct<t:boolean,t:boolean,f:boolean,n:boolean,f:boolean,t:boolean>
-- !query 8 output
true	true	false	NULL	false	true


-- !query 9
DROP TABLE bool_test
-- !query 9 schema
struct<>
-- !query 9 output



-- !query 10
select min(unique1) from tenk1
-- !query 10 schema
struct<min(unique1):int>
-- !query 10 output
0


-- !query 11
select max(unique1) from tenk1
-- !query 11 schema
struct<max(unique1):int>
-- !query 11 output
9999


-- !query 12
select max(unique1) from tenk1 where unique1 < 42
-- !query 12 schema
struct<max(unique1):int>
-- !query 12 output
41


-- !query 13
select max(unique1) from tenk1 where unique1 > 42
-- !query 13 schema
struct<max(unique1):int>
-- !query 13 output
9999


-- !query 14
select max(unique1) from tenk1 where unique1 > 42000
-- !query 14 schema
struct<max(unique1):int>
-- !query 14 output
NULL


-- !query 15
select max(tenthous) from tenk1 where thousand = 33
-- !query 15 schema
struct<max(tenthous):int>
-- !query 15 output
9033


-- !query 16
select min(tenthous) from tenk1 where thousand = 33
-- !query 16 schema
struct<min(tenthous):int>
-- !query 16 output
33


-- !query 17
select distinct max(unique2) from tenk1
-- !query 17 schema
struct<max(unique2):int>
-- !query 17 output
9999


-- !query 18
select max(unique2) from tenk1 order by 1
-- !query 18 schema
struct<max(unique2):int>
-- !query 18 output
9999


-- !query 19
select max(unique2) from tenk1 order by max(unique2)
-- !query 19 schema
struct<max(unique2):int>
-- !query 19 output
9999


-- !query 20
select max(unique2) from tenk1 order by max(unique2)+1
-- !query 20 schema
struct<max(unique2):int>
-- !query 20 output
9999


-- !query 21
select t1.max_unique2, g from (select max(unique2) as max_unique2 FROM tenk1) t1 LATERAL VIEW explode(array(1,2,3)) t2 AS g order by g desc
-- !query 21 schema
struct<max_unique2:int,g:int>
-- !query 21 output
9999	3
9999	2
9999	1


-- !query 22
select max(100) from tenk1
-- !query 22 schema
struct<max(100):int>
-- !query 22 output
100
